[backblue.gif]
[fade.gif]
[index.html]
[irsfoundation.com/tf/html/medytuch-preview/medytuch/assets/img/icon/favicon.ico]
[irsfoundation.com/tf/html/medytuch-preview/medytuch/assets/js/vendor/modernizr-2.8.3.min.js]
[irsfoundation.com/tf/html/medytuch-preview/medytuch/assets/img/icon/loader.gif]
[irsfoundation.com/tf/html/medytuch-preview/medytuch/assets/img/icon/logo.png]
[irsfoundation.com/tf/html/medytuch-preview/medytuch/assets/img/slider/slider-bg1.jpg]
[irsfoundation.com/tf/html/medytuch-preview/medytuch/assets/img/slider/slider-bg2.jpg]
[irsfoundation.com/tf/html/medytuch-preview/medytuch/assets/img/icon/sc-title-btm.png]
[irsfoundation.com/tf/html/medytuch-preview/medytuch/assets/img/gallery/glry-img1.jpg]
[irsfoundation.com/tf/html/medytuch-preview/medytuch/assets/img/gallery/glry-img2.jpg]
[irsfoundation.com/tf/html/medytuch-preview/medytuch/assets/img/gallery/glry-img3.jpg]
[irsfoundation.com/tf/html/medytuch-preview/medytuch/assets/img/gallery/glry-img4.jpg]
[irsfoundation.com/tf/html/medytuch-preview/medytuch/assets/img/gallery/glry-img5.jpg]
[irsfoundation.com/tf/html/medytuch-preview/medytuch/assets/img/gallery/glry-img6.jpg]
[irsfoundation.com/tf/html/medytuch-preview/medytuch/assets/img/doctors/doctor-img1.jpg]
[irsfoundation.com/tf/html/medytuch-preview/medytuch/assets/img/doctors/doctor-img2.jpg]
[irsfoundation.com/tf/html/medytuch-preview/medytuch/assets/img/doctors/doctor-img3.jpg]
[irsfoundation.com/tf/html/medytuch-preview/medytuch/assets/img/doctors/doctor-img4.jpg]
[irsfoundation.com/tf/html/medytuch-preview/medytuch/assets/img/author/tst-thumb1.jpg]
[irsfoundation.com/tf/html/medytuch-preview/medytuch/assets/img/blog/blog-thumb1.jpg]
[irsfoundation.com/tf/html/medytuch-preview/medytuch/assets/img/blog/blog-thumb2.jpg]
[irsfoundation.com/tf/html/medytuch-preview/medytuch/assets/img/blog/blog-thumb3.jpg]
[irsfoundation.com/tf/html/medytuch-preview/medytuch/assets/img/instagram/img1.jpg]
[irsfoundation.com/tf/html/medytuch-preview/medytuch/assets/img/instagram/img2.jpg]
[irsfoundation.com/tf/html/medytuch-preview/medytuch/assets/img/instagram/img3.jpg]
[irsfoundation.com/tf/html/medytuch-preview/medytuch/assets/img/instagram/img4.jpg]
[irsfoundation.com/tf/html/medytuch-preview/medytuch/assets/img/instagram/img5.jpg]
[irsfoundation.com/tf/html/medytuch-preview/medytuch/assets/img/instagram/img6.jpg]
[irsfoundation.com/tf/html/medytuch-preview/medytuch/assets/js/vendor/jquery-2.2.4.min.js]
[irsfoundation.com/tf/html/medytuch-preview/medytuch/assets/js/bootstrap.min.js]
[irsfoundation.com/tf/html/medytuch-preview/medytuch/assets/js/owl.carousel.min.js]
[irsfoundation.com/tf/html/medytuch-preview/medytuch/assets/js/jquery.slicknav.min.js]
[irsfoundation.com/tf/html/medytuch-preview/medytuch/assets/js/counterup.min.js]
[irsfoundation.com/tf/html/medytuch-preview/medytuch/assets/js/waypoints.js]
[irsfoundation.com/tf/html/medytuch-preview/medytuch/assets/js/imagesloaded.pkgd.min.js]
[irsfoundation.com/tf/html/medytuch-preview/medytuch/assets/js/isotope.pkgd.min.js]
[irsfoundation.com/tf/html/medytuch-preview/medytuch/assets/js/jquery.magnific-popup.min.js]
[irsfoundation.com/tf/html/medytuch-preview/medytuch/assets/js/nice-select-plugin.js]
[irsfoundation.com/tf/html/medytuch-preview/medytuch/assets/js/medituch-cube.js]
[irsfoundation.com/tf/html/medytuch-preview/medytuch/assets/js/plugins.js]
[irsfoundation.com/tf/html/medytuch-preview/medytuch/assets/js/jQuery.scrollSpeed.js]
[irsfoundation.com/tf/html/medytuch-preview/medytuch/assets/js/scripts.js]
[irsfoundation.com/tf/html/medytuch-preview/medytuch/index.html]
[irsfoundation.com/tf/html/medytuch-preview/medytuch/assets/css/bootstrap.min.css]
[irsfoundation.com/tf/html/medytuch-preview/medytuch/assets/fonts/fontawesome-webfont5b62.eot]
[irsfoundation.com/tf/html/medytuch-preview/medytuch/assets/fonts/fontawesome-webfontd41d.eot]
[irsfoundation.com/tf/html/medytuch-preview/medytuch/assets/fonts/fontawesome-webfont5b62.woff2]
[irsfoundation.com/tf/html/medytuch-preview/medytuch/assets/fonts/fontawesome-webfont5b62.woff]
[irsfoundation.com/tf/html/medytuch-preview/medytuch/assets/fonts/fontawesome-webfont5b62.ttf]
[irsfoundation.com/tf/html/medytuch-preview/medytuch/assets/css/font-awesome.min.css]
[irsfoundation.com/tf/html/medytuch-preview/medytuch/assets/fonts/Flaticon.eot]
[irsfoundation.com/tf/html/medytuch-preview/medytuch/assets/fonts/Flaticon.woff]
[irsfoundation.com/tf/html/medytuch-preview/medytuch/assets/fonts/Flaticond41d.eot]
[irsfoundation.com/tf/html/medytuch-preview/medytuch/assets/fonts/Flaticon.ttf]
[irsfoundation.com/tf/html/medytuch-preview/medytuch/assets/css/flaticon.css]
[irsfoundation.com/tf/html/medytuch-preview/medytuch/assets/css/owl.carousel.min.css]
[irsfoundation.com/tf/html/medytuch-preview/medytuch/assets/css/magnific-popup.css]
[irsfoundation.com/tf/html/medytuch-preview/medytuch/assets/css/slicknav.min.css]
[irsfoundation.com/tf/html/medytuch-preview/medytuch/assets/css/nice-select.css]
[irsfoundation.com/tf/html/medytuch-preview/medytuch/assets/css/typography.css]
[irsfoundation.com/tf/html/medytuch-preview/medytuch/assets/css/default-css.css]
[irsfoundation.com/tf/html/medytuch-preview/medytuch/assets/img/appoinment/appoinment-left-thumb.jpg]
[irsfoundation.com/tf/html/medytuch-preview/medytuch/assets/img/about/abt-left-thumb.jpg]
[irsfoundation.com/tf/html/medytuch-preview/medytuch/assets/img/bg/cta-bg.jpg]
[irsfoundation.com/tf/html/medytuch-preview/medytuch/assets/img/blog/ft3-blog-bg.jpg]
[irsfoundation.com/tf/html/medytuch-preview/medytuch/assets/img/bg/crumbs-bg.jpg]
[irsfoundation.com/tf/html/medytuch-preview/medytuch/assets/css/styles.css]
[irsfoundation.com/tf/html/medytuch-preview/medytuch/assets/css/responsive.css]
[irsfoundation.com/tf/html/medytuch-preview/medytuch/assets/img/about/abt-left-thumb2.png]
[irsfoundation.com/tf/html/medytuch-preview/medytuch/assets/img/service/img1.jpg]
[irsfoundation.com/tf/html/medytuch-preview/medytuch/assets/img/service/img2.jpg]
[irsfoundation.com/tf/html/medytuch-preview/medytuch/assets/img/service/img3.jpg]
[irsfoundation.com/tf/html/medytuch-preview/medytuch/assets/img/service/img4.jpg]
[irsfoundation.com/tf/html/medytuch-preview/medytuch/assets/img/service/img5.jpg]
[irsfoundation.com/tf/html/medytuch-preview/medytuch/assets/img/service/img6.jpg]
[irsfoundation.com/tf/html/medytuch-preview/medytuch/assets/img/blog/small-thumb1.jpg]
[irsfoundation.com/tf/html/medytuch-preview/medytuch/assets/img/blog/small-thumb2.jpg]
[irsfoundation.com/tf/html/medytuch-preview/medytuch/assets/img/blog/small-thumb3.jpg]
[irsfoundation.com/tf/html/medytuch-preview/medytuch/index2.html]
[irsfoundation.com/tf/html/medytuch-preview/medytuch/about.html]
[irsfoundation.com/tf/html/medytuch-preview/medytuch/service.html]
[irsfoundation.com/tf/html/medytuch-preview/medytuch/service2.html]
[irsfoundation.com/tf/html/medytuch-preview/medytuch/assets/img/icon/newro-ico.png]
[irsfoundation.com/tf/html/medytuch-preview/medytuch/assets/img/icon/heart-beat-icon.png]
[irsfoundation.com/tf/html/medytuch-preview/medytuch/assets/img/icon/pen-icon.png]
[irsfoundation.com/tf/html/medytuch-preview/medytuch/assets/img/icon/gnaewrf-icon.png]
[irsfoundation.com/tf/html/medytuch-preview/medytuch/assets/img/icon/palmonary-icon.png]
[irsfoundation.com/tf/html/medytuch-preview/medytuch/assets/img/icon/haddi-icon.png]
[irsfoundation.com/tf/html/medytuch-preview/medytuch/assets/img/service/service-details-img.jpg]
[irsfoundation.com/tf/html/medytuch-preview/medytuch/service-details.html]
[irsfoundation.com/tf/html/medytuch-preview/medytuch/blog.html]
[irsfoundation.com/tf/html/medytuch-preview/medytuch/assets/img/blog/blog-details-img.jpg]
[irsfoundation.com/tf/html/medytuch-preview/medytuch/assets/img/blog/blog-details-small-img.jpg]
[irsfoundation.com/tf/html/medytuch-preview/medytuch/assets/img/author/img1.jpg]
[irsfoundation.com/tf/html/medytuch-preview/medytuch/assets/img/author/img2.jpg]
[irsfoundation.com/tf/html/medytuch-preview/medytuch/assets/img/author/img3.jpg]
[irsfoundation.com/tf/html/medytuch-preview/medytuch/assets/img/recent-post/img1.jpg]
[irsfoundation.com/tf/html/medytuch-preview/medytuch/assets/img/recent-post/img2.jpg]
[irsfoundation.com/tf/html/medytuch-preview/medytuch/assets/img/recent-post/img3.jpg]
[irsfoundation.com/tf/html/medytuch-preview/medytuch/assets/img/recent-post/img4.jpg]
[irsfoundation.com/tf/html/medytuch-preview/medytuch/blog-details.html]
[irsfoundation.com/tf/html/medytuch-preview/medytuch/gallery.html]
[irsfoundation.com/tf/html/medytuch-preview/medytuch/team.html]
[irsfoundation.com/tf/html/medytuch-preview/medytuch/assets/img/doctors/tm-left-img.jpg]
[irsfoundation.com/tf/html/medytuch-preview/medytuch/team-details.html]
[irsfoundation.com/tf/html/medytuch-preview/medytuch/contact.html]
[irsfoundation.com/tf/html/medytuch-preview/medytuch/assets/fonts/fontawesome-webfont5b62.svg]
[irsfoundation.com/tf/html/medytuch-preview/medytuch/assets/fonts/Flaticon.svg]
[irsfoundation.com/tf/html/medytuch-preview/medytuch/assets/css/Flaticon.html]
[irsfoundation.com/tf/html/medytuch-preview/medytuch/assets/css/owl.video.play.html]
[irsfoundation.com/tf/html/medytuch-preview/medytuch/blog-standard.html]
